Performing C++ SOURCE FILE Test CMAKE_HAVE_LIBC_PTHREAD failed with the following output:
Change Dir: /home/kyle/devel/atr/local_devel/parser_ws/src/bagfile_parser_qt/build/bagfile_parser_qt/CMakeFiles/CMakeTmp

Run Build Command(s):/usr/bin/make cmTC_8ba38/fast && /usr/bin/make -f CMakeFiles/cmTC_8ba38.dir/build.make CMakeFiles/cmTC_8ba38.dir/build
make[1]: Entering directory '/home/kyle/devel/atr/local_devel/parser_ws/src/bagfile_parser_qt/build/bagfile_parser_qt/CMakeFiles/CMakeTmp'
Building CXX object CMakeFiles/cmTC_8ba38.dir/src.cxx.o
/usr/bin/c++    -DCMAKE_HAVE_LIBC_PTHREAD   -o CMakeFiles/cmTC_8ba38.dir/src.cxx.o -c /home/kyle/devel/atr/local_devel/parser_ws/src/bagfile_parser_qt/build/bagfile_parser_qt/CMakeFiles/CMakeTmp/src.cxx
Linking CXX executable cmTC_8ba38
/usr/bin/cmake -E cmake_link_script CMakeFiles/cmTC_8ba38.dir/link.txt --verbose=1
/usr/bin/c++   -DCMAKE_HAVE_LIBC_PTHREAD    CMakeFiles/cmTC_8ba38.dir/src.cxx.o  -o cmTC_8ba38 
/usr/bin/ld: CMakeFiles/cmTC_8ba38.dir/src.cxx.o: in function `main':
src.cxx:(.text+0x46): undefined reference to `pthread_create'
/usr/bin/ld: src.cxx:(.text+0x52): undefined reference to `pthread_detach'
/usr/bin/ld: src.cxx:(.text+0x63): undefined reference to `pthread_join'
collect2: error: ld returned 1 exit status
make[1]: *** [CMakeFiles/cmTC_8ba38.dir/build.make:87: cmTC_8ba38] Error 1
make[1]: Leaving directory '/home/kyle/devel/atr/local_devel/parser_ws/src/bagfile_parser_qt/build/bagfile_parser_qt/CMakeFiles/CMakeTmp'
make: *** [Makefile:121: cmTC_8ba38/fast] Error 2


Source file was:
#include <pthread.h>

void* test_func(void* data)
{
  return data;
}

int main(void)
{
  pthread_t thread;
  pthread_create(&thread, NULL, test_func, NULL);
  pthread_detach(thread);
  pthread_join(thread, NULL);
  pthread_atfork(NULL, NULL, NULL);
  pthread_exit(NULL);

  return 0;
}

Determining if the function pthread_create exists in the pthreads failed with the following output:
Change Dir: /home/kyle/devel/atr/local_devel/parser_ws/src/bagfile_parser_qt/build/bagfile_parser_qt/CMakeFiles/CMakeTmp

Run Build Command(s):/usr/bin/make cmTC_e74af/fast && /usr/bin/make -f CMakeFiles/cmTC_e74af.dir/build.make CMakeFiles/cmTC_e74af.dir/build
make[1]: Entering directory '/home/kyle/devel/atr/local_devel/parser_ws/src/bagfile_parser_qt/build/bagfile_parser_qt/CMakeFiles/CMakeTmp'
Building CXX object CMakeFiles/cmTC_e74af.dir/CheckFunctionExists.cxx.o
/usr/bin/c++    -DCHECK_FUNCTION_EXISTS=pthread_create   -o CMakeFiles/cmTC_e74af.dir/CheckFunctionExists.cxx.o -c /home/kyle/devel/atr/local_devel/parser_ws/src/bagfile_parser_qt/build/bagfile_parser_qt/CMakeFiles/CheckLibraryExists/CheckFunctionExists.cxx
Linking CXX executable cmTC_e74af
/usr/bin/cmake -E cmake_link_script CMakeFiles/cmTC_e74af.dir/link.txt --verbose=1
/usr/bin/c++   -DCHECK_FUNCTION_EXISTS=pthread_create    CMakeFiles/cmTC_e74af.dir/CheckFunctionExists.cxx.o  -o cmTC_e74af  -lpthreads 
/usr/bin/ld: cannot find -lpthreads
collect2: error: ld returned 1 exit status
make[1]: *** [CMakeFiles/cmTC_e74af.dir/build.make:87: cmTC_e74af] Error 1
make[1]: Leaving directory '/home/kyle/devel/atr/local_devel/parser_ws/src/bagfile_parser_qt/build/bagfile_parser_qt/CMakeFiles/CMakeTmp'
make: *** [Makefile:121: cmTC_e74af/fast] Error 2



