-- The CXX compiler identification is GNU 9.4.0
-- Check for working CXX compiler: /usr/bin/c++
-- Check for working CXX compiler: /usr/bin/c++ -- works
-- Detecting CXX compiler ABI info
-- Detecting CXX compiler ABI info - done
-- Detecting CXX compile features
-- Detecting CXX compile features - done
-- Found ament_cmake: 1.1.6 (/opt/ros/galactic/share/ament_cmake/cmake)
-- Found PythonInterp: /usr/bin/python3 (found suitable version "3.8.10", minimum required is "3") 
-- Using PYTHON_EXECUTABLE: /usr/bin/python3
-- Override CMake install command with custom implementation using symlinks instead of copying resources
-- Found rosbag2_cpp: 0.9.2 (/opt/ros/galactic/share/rosbag2_cpp/cmake)
-- Using all available rosidl_typesupport_c: rosidl_typesupport_fastrtps_c;rosidl_typesupport_introspection_c
-- Found rosidl_adapter: 2.2.3 (/opt/ros/galactic/share/rosidl_adapter/cmake)
-- Found OpenSSL: /usr/lib/x86_64-linux-gnu/libcrypto.so (found version "1.1.1f")  
-- Found FastRTPS: /opt/ros/galactic/include  
-- Using all available rosidl_typesupport_cpp: rosidl_typesupport_fastrtps_cpp;rosidl_typesupport_introspection_cpp
-- Found rmw_implementation_cmake: 3.3.1 (/opt/ros/galactic/share/rmw_implementation_cmake/cmake)
-- Found rmw_cyclonedds_cpp: 0.22.6 (/opt/ros/galactic/share/rmw_cyclonedds_cpp/cmake)
-- Using RMW implementation 'rmw_cyclonedds_cpp' as default
-- Looking for C++ include pthread.h
-- Looking for C++ include pthread.h - found
-- Performing Test CMAKE_HAVE_LIBC_PTHREAD
-- Performing Test CMAKE_HAVE_LIBC_PTHREAD - Failed
-- Looking for pthread_create in pthreads
-- Looking for pthread_create in pthreads - not found
-- Looking for pthread_create in pthread
-- Looking for pthread_create in pthread - found
-- Found Threads: TRUE  
-- Found ament_lint_auto: 0.10.7 (/opt/ros/galactic/share/ament_lint_auto/cmake)
-- Added test 'copyright' to check source files copyright and LICENSE
-- Added test 'cppcheck' to perform static code analysis on C / C++ code
-- Configured cppcheck include dirs: /home/kyle/devel/atr/local_devel/parser_ws/src/bagfile_parser_qt/include
-- Configured cppcheck exclude dirs and/or files: 
-- Added test 'cpplint' to check C / C++ code against the Google style
-- Configured cpplint exclude dirs and/or files: 
-- Added test 'flake8' to check Python code syntax and style conventions
-- Added test 'lint_cmake' to check CMake code style
-- Added test 'pep257' to check Python code against some of the style conventions in PEP 257
-- Added test 'uncrustify' to check C / C++ code style
-- Configured uncrustify additional arguments: 
-- Added test 'xmllint' to check XML markup files
-- Configuring done
-- Generating done
-- Build files have been written to: /home/kyle/devel/atr/local_devel/parser_ws/src/bagfile_parser_qt/build/bagfile_parser_qt
[35m[1mScanning dependencies of target bagfile_parser_qt_autogen[0m
[  5%] [34m[1mGenerating MOC file for /home/kyle/devel/atr/local_devel/parser_ws/src/bagfile_parser_qt/include/bagfile_parser_qt/remove_depends_window.hpp[0m
[  5%] [34m[1mGenerating MOC file for /home/kyle/devel/atr/local_devel/parser_ws/src/bagfile_parser_qt/include/bagfile_parser_qt/dependency_manager_window.hpp[0m
[  8%] [34m[1mAutomatic MOC and UIC for target bagfile_parser_qt[0m
[ 25%] Built target bagfile_parser_qt_autogen
[35m[1mScanning dependencies of target bagfile_parser_qt[0m
[ 27%] [32mBuilding CXX object CMakeFiles/bagfile_parser_qt.dir/bagfile_parser_qt_autogen/mocs_compilation.cpp.o[0m
[ 33%] [32mBuilding CXX object CMakeFiles/bagfile_parser_qt.dir/src/main.cpp.o[0m
[ 33%] [32mBuilding CXX object CMakeFiles/bagfile_parser_qt.dir/src/configure_window.cpp.o[0m
[ 36%] [32mBuilding CXX object CMakeFiles/bagfile_parser_qt.dir/src/select_topics_window.cpp.o[0m
[ 38%] [32mBuilding CXX object CMakeFiles/bagfile_parser_qt.dir/src/main_window.cpp.o[0m
[ 41%] [32mBuilding CXX object CMakeFiles/bagfile_parser_qt.dir/src/recommended_depends_window.cpp.o[0m
[ 44%] [32mBuilding CXX object CMakeFiles/bagfile_parser_qt.dir/src/remove_packages_window.cpp.o[0m
[ 47%] [32mBuilding CXX object CMakeFiles/bagfile_parser_qt.dir/src/dependency_manager_window.cpp.o[0m
[ 50%] [32mBuilding CXX object CMakeFiles/bagfile_parser_qt.dir/src/moc/moc_main_window.cpp.o[0m
[ 52%] [32mBuilding CXX object CMakeFiles/bagfile_parser_qt.dir/src/string_display_window.cpp.o[0m
[ 55%] [32mBuilding CXX object CMakeFiles/bagfile_parser_qt.dir/src/remove_depends_window.cpp.o[0m
[ 61%] [32mBuilding CXX object CMakeFiles/bagfile_parser_qt.dir/src/moc/moc_configure_window.cpp.o[0m
[ 61%] [32mBuilding CXX object CMakeFiles/bagfile_parser_qt.dir/src/moc/moc_remove_packages_window.cpp.o[0m
[ 63%] [32mBuilding CXX object CMakeFiles/bagfile_parser_qt.dir/src/moc/moc_dependency_manager_window.cpp.o[0m
[ 69%] [32mBuilding CXX object CMakeFiles/bagfile_parser_qt.dir/src/moc/moc_select_topics_window.cpp.o[0m
[ 69%] [32mBuilding CXX object CMakeFiles/bagfile_parser_qt.dir/src/moc/moc_recommended_depends_window.cpp.o[0m
[ 72%] [32mBuilding CXX object CMakeFiles/bagfile_parser_qt.dir/src/moc/moc_string_display_window.cpp.o[0m
[ 75%] [32mBuilding CXX object CMakeFiles/bagfile_parser_qt.dir/src/moc/moc_remove_depends_window.cpp.o[0m
[ 77%] [32m[1mLinking CXX executable bagfile_parser_qt[0m
[100%] Built target bagfile_parser_qt
-- Install configuration: "Release"
-- Execute custom install script
-- Symlinking: /home/kyle/devel/atr/local_devel/parser_ws/src/bagfile_parser_qt/install/bagfile_parser_qt/lib/bagfile_parser_qt/bagfile_parser_qt
-- Symlinking: /home/kyle/devel/atr/local_devel/parser_ws/src/bagfile_parser_qt/install/bagfile_parser_qt/share/ament_index/resource_index/package_run_dependencies/bagfile_parser_qt
-- Symlinking: /home/kyle/devel/atr/local_devel/parser_ws/src/bagfile_parser_qt/install/bagfile_parser_qt/share/ament_index/resource_index/parent_prefix_path/bagfile_parser_qt
-- Symlinking: /home/kyle/devel/atr/local_devel/parser_ws/src/bagfile_parser_qt/install/bagfile_parser_qt/share/bagfile_parser_qt/environment/ament_prefix_path.sh
-- Symlinking: /home/kyle/devel/atr/local_devel/parser_ws/src/bagfile_parser_qt/install/bagfile_parser_qt/share/bagfile_parser_qt/environment/ament_prefix_path.dsv
-- Symlinking: /home/kyle/devel/atr/local_devel/parser_ws/src/bagfile_parser_qt/install/bagfile_parser_qt/share/bagfile_parser_qt/environment/path.sh
-- Symlinking: /home/kyle/devel/atr/local_devel/parser_ws/src/bagfile_parser_qt/install/bagfile_parser_qt/share/bagfile_parser_qt/environment/path.dsv
-- Symlinking: /home/kyle/devel/atr/local_devel/parser_ws/src/bagfile_parser_qt/install/bagfile_parser_qt/share/bagfile_parser_qt/local_setup.bash
-- Symlinking: /home/kyle/devel/atr/local_devel/parser_ws/src/bagfile_parser_qt/install/bagfile_parser_qt/share/bagfile_parser_qt/local_setup.sh
-- Symlinking: /home/kyle/devel/atr/local_devel/parser_ws/src/bagfile_parser_qt/install/bagfile_parser_qt/share/bagfile_parser_qt/local_setup.zsh
-- Symlinking: /home/kyle/devel/atr/local_devel/parser_ws/src/bagfile_parser_qt/install/bagfile_parser_qt/share/bagfile_parser_qt/local_setup.dsv
-- Symlinking: /home/kyle/devel/atr/local_devel/parser_ws/src/bagfile_parser_qt/install/bagfile_parser_qt/share/bagfile_parser_qt/package.dsv
-- Symlinking: /home/kyle/devel/atr/local_devel/parser_ws/src/bagfile_parser_qt/install/bagfile_parser_qt/share/ament_index/resource_index/packages/bagfile_parser_qt
-- Symlinking: /home/kyle/devel/atr/local_devel/parser_ws/src/bagfile_parser_qt/install/bagfile_parser_qt/share/bagfile_parser_qt/cmake/bagfile_parser_qtConfig.cmake
-- Symlinking: /home/kyle/devel/atr/local_devel/parser_ws/src/bagfile_parser_qt/install/bagfile_parser_qt/share/bagfile_parser_qt/cmake/bagfile_parser_qtConfig-version.cmake
-- Symlinking: /home/kyle/devel/atr/local_devel/parser_ws/src/bagfile_parser_qt/install/bagfile_parser_qt/share/bagfile_parser_qt/package.xml
