[0.010s] Invoking command in '/home/kyle/devel/atr/local_devel/parser_ws/src/bagfile_parser_qt/build/bagfile_parser_qt': CMAKE_PREFIX_PATH=${CMAKE_PREFIX_PATH}:/opt/ros/galactic /usr/bin/cmake /home/kyle/devel/atr/local_devel/parser_ws/src/bagfile_parser_qt -DCMAKE_BUILD_TYPE=Release -DAMENT_CMAKE_SYMLINK_INSTALL=1 -DCMAKE_INSTALL_PREFIX=/home/kyle/devel/atr/local_devel/parser_ws/src/bagfile_parser_qt/install/bagfile_parser_qt
[0.072s] -- The CXX compiler identification is GNU 9.4.0
[0.076s] -- Check for working CXX compiler: /usr/bin/c++
[0.129s] -- Check for working CXX compiler: /usr/bin/c++ -- works
[0.129s] -- Detecting CXX compiler ABI info
[0.184s] -- Detecting CXX compiler ABI info - done
[0.191s] -- Detecting CXX compile features
[0.191s] -- Detecting CXX compile features - done
[0.193s] -- Found ament_cmake: 1.1.6 (/opt/ros/galactic/share/ament_cmake/cmake)
[0.209s] -- Found PythonInterp: /usr/bin/python3 (found suitable version "3.8.10", minimum required is "3") 
[0.209s] -- Using PYTHON_EXECUTABLE: /usr/bin/python3
[0.248s] -- Override CMake install command with custom implementation using symlinks instead of copying resources
[0.262s] -- Found rosbag2_cpp: 0.9.2 (/opt/ros/galactic/share/rosbag2_cpp/cmake)
[0.316s] -- Using all available rosidl_typesupport_c: rosidl_typesupport_fastrtps_c;rosidl_typesupport_introspection_c
[0.320s] -- Found rosidl_adapter: 2.2.3 (/opt/ros/galactic/share/rosidl_adapter/cmake)
[0.385s] -- Found OpenSSL: /usr/lib/x86_64-linux-gnu/libcrypto.so (found version "1.1.1f")  
[0.416s] -- Found FastRTPS: /opt/ros/galactic/include  
[0.468s] -- Using all available rosidl_typesupport_cpp: rosidl_typesupport_fastrtps_cpp;rosidl_typesupport_introspection_cpp
[0.505s] -- Found rmw_implementation_cmake: 3.3.1 (/opt/ros/galactic/share/rmw_implementation_cmake/cmake)
[0.506s] -- Found rmw_cyclonedds_cpp: 0.22.6 (/opt/ros/galactic/share/rmw_cyclonedds_cpp/cmake)
[0.518s] -- Using RMW implementation 'rmw_cyclonedds_cpp' as default
[0.528s] -- Looking for C++ include pthread.h
[0.595s] -- Looking for C++ include pthread.h - found
[0.595s] -- Performing Test CMAKE_HAVE_LIBC_PTHREAD
[0.660s] -- Performing Test CMAKE_HAVE_LIBC_PTHREAD - Failed
[0.661s] -- Looking for pthread_create in pthreads
[0.714s] -- Looking for pthread_create in pthreads - not found
[0.714s] -- Looking for pthread_create in pthread
[0.770s] -- Looking for pthread_create in pthread - found
[0.770s] -- Found Threads: TRUE  
[0.897s] -- Found ament_lint_auto: 0.10.7 (/opt/ros/galactic/share/ament_lint_auto/cmake)
[0.960s] -- Added test 'copyright' to check source files copyright and LICENSE
[1.157s] -- Added test 'cppcheck' to perform static code analysis on C / C++ code
[1.157s] -- Configured cppcheck include dirs: /home/kyle/devel/atr/local_devel/parser_ws/src/bagfile_parser_qt/include
[1.157s] -- Configured cppcheck exclude dirs and/or files: 
[1.358s] -- Added test 'cpplint' to check C / C++ code against the Google style
[1.358s] -- Configured cpplint exclude dirs and/or files: 
[1.382s] -- Added test 'flake8' to check Python code syntax and style conventions
[1.431s] -- Added test 'lint_cmake' to check CMake code style
[1.458s] -- Added test 'pep257' to check Python code against some of the style conventions in PEP 257
[1.682s] -- Added test 'uncrustify' to check C / C++ code style
[1.682s] -- Configured uncrustify additional arguments: 
[1.717s] -- Added test 'xmllint' to check XML markup files
[1.720s] -- Configuring done
[1.761s] -- Generating done
[1.764s] -- Build files have been written to: /home/kyle/devel/atr/local_devel/parser_ws/src/bagfile_parser_qt/build/bagfile_parser_qt
[1.771s] Invoked command in '/home/kyle/devel/atr/local_devel/parser_ws/src/bagfile_parser_qt/build/bagfile_parser_qt' returned '0': CMAKE_PREFIX_PATH=${CMAKE_PREFIX_PATH}:/opt/ros/galactic /usr/bin/cmake /home/kyle/devel/atr/local_devel/parser_ws/src/bagfile_parser_qt -DCMAKE_BUILD_TYPE=Release -DAMENT_CMAKE_SYMLINK_INSTALL=1 -DCMAKE_INSTALL_PREFIX=/home/kyle/devel/atr/local_devel/parser_ws/src/bagfile_parser_qt/install/bagfile_parser_qt
[1.773s] Invoking command in '/home/kyle/devel/atr/local_devel/parser_ws/src/bagfile_parser_qt/build/bagfile_parser_qt': CMAKE_PREFIX_PATH=${CMAKE_PREFIX_PATH}:/opt/ros/galactic /usr/bin/cmake --build /home/kyle/devel/atr/local_devel/parser_ws/src/bagfile_parser_qt/build/bagfile_parser_qt -- -j16 -l16
[1.811s] [35m[1mScanning dependencies of target bagfile_parser_qt_autogen[0m
[1.820s] [  5%] [34m[1mGenerating MOC file for /home/kyle/devel/atr/local_devel/parser_ws/src/bagfile_parser_qt/include/bagfile_parser_qt/remove_depends_window.hpp[0m
[1.820s] [  5%] [34m[1mGenerating MOC file for /home/kyle/devel/atr/local_devel/parser_ws/src/bagfile_parser_qt/include/bagfile_parser_qt/dependency_manager_window.hpp[0m
[1.832s] [  8%] [34m[1mAutomatic MOC and UIC for target bagfile_parser_qt[0m
[1.852s] [ 25%] Built target bagfile_parser_qt_autogen
[1.862s] [35m[1mScanning dependencies of target bagfile_parser_qt[0m
[1.964s] [ 27%] [32mBuilding CXX object CMakeFiles/bagfile_parser_qt.dir/bagfile_parser_qt_autogen/mocs_compilation.cpp.o[0m
[1.971s] [ 33%] [32mBuilding CXX object CMakeFiles/bagfile_parser_qt.dir/src/main.cpp.o[0m
[1.972s] [ 33%] [32mBuilding CXX object CMakeFiles/bagfile_parser_qt.dir/src/configure_window.cpp.o[0m
[1.972s] [ 36%] [32mBuilding CXX object CMakeFiles/bagfile_parser_qt.dir/src/select_topics_window.cpp.o[0m
[1.972s] [ 38%] [32mBuilding CXX object CMakeFiles/bagfile_parser_qt.dir/src/main_window.cpp.o[0m
[1.972s] [ 41%] [32mBuilding CXX object CMakeFiles/bagfile_parser_qt.dir/src/recommended_depends_window.cpp.o[0m
[1.972s] [ 44%] [32mBuilding CXX object CMakeFiles/bagfile_parser_qt.dir/src/remove_packages_window.cpp.o[0m
[1.972s] [ 47%] [32mBuilding CXX object CMakeFiles/bagfile_parser_qt.dir/src/dependency_manager_window.cpp.o[0m
[1.973s] [ 50%] [32mBuilding CXX object CMakeFiles/bagfile_parser_qt.dir/src/moc/moc_main_window.cpp.o[0m
[1.973s] [ 52%] [32mBuilding CXX object CMakeFiles/bagfile_parser_qt.dir/src/string_display_window.cpp.o[0m
[1.973s] [ 55%] [32mBuilding CXX object CMakeFiles/bagfile_parser_qt.dir/src/remove_depends_window.cpp.o[0m
[1.974s] [ 61%] [32mBuilding CXX object CMakeFiles/bagfile_parser_qt.dir/src/moc/moc_configure_window.cpp.o[0m
[1.974s] [ 61%] [32mBuilding CXX object CMakeFiles/bagfile_parser_qt.dir/src/moc/moc_remove_packages_window.cpp.o[0m
[1.975s] [ 63%] [32mBuilding CXX object CMakeFiles/bagfile_parser_qt.dir/src/moc/moc_dependency_manager_window.cpp.o[0m
[1.980s] [ 69%] [32mBuilding CXX object CMakeFiles/bagfile_parser_qt.dir/src/moc/moc_select_topics_window.cpp.o[0m
[1.980s] [ 69%] [32mBuilding CXX object CMakeFiles/bagfile_parser_qt.dir/src/moc/moc_recommended_depends_window.cpp.o[0m
[1.989s] [ 72%] [32mBuilding CXX object CMakeFiles/bagfile_parser_qt.dir/src/moc/moc_string_display_window.cpp.o[0m
[3.744s] [ 75%] [32mBuilding CXX object CMakeFiles/bagfile_parser_qt.dir/src/moc/moc_remove_depends_window.cpp.o[0m
[8.978s] [ 77%] [32m[1mLinking CXX executable bagfile_parser_qt[0m
[9.558s] [100%] Built target bagfile_parser_qt
[9.571s] Invoked command in '/home/kyle/devel/atr/local_devel/parser_ws/src/bagfile_parser_qt/build/bagfile_parser_qt' returned '0': CMAKE_PREFIX_PATH=${CMAKE_PREFIX_PATH}:/opt/ros/galactic /usr/bin/cmake --build /home/kyle/devel/atr/local_devel/parser_ws/src/bagfile_parser_qt/build/bagfile_parser_qt -- -j16 -l16
[9.580s] Invoking command in '/home/kyle/devel/atr/local_devel/parser_ws/src/bagfile_parser_qt/build/bagfile_parser_qt': CMAKE_PREFIX_PATH=${CMAKE_PREFIX_PATH}:/opt/ros/galactic /usr/bin/cmake --install /home/kyle/devel/atr/local_devel/parser_ws/src/bagfile_parser_qt/build/bagfile_parser_qt
[9.585s] -- Install configuration: "Release"
[9.585s] -- Execute custom install script
[9.586s] -- Symlinking: /home/kyle/devel/atr/local_devel/parser_ws/src/bagfile_parser_qt/install/bagfile_parser_qt/lib/bagfile_parser_qt/bagfile_parser_qt
[9.593s] -- Symlinking: /home/kyle/devel/atr/local_devel/parser_ws/src/bagfile_parser_qt/install/bagfile_parser_qt/share/ament_index/resource_index/package_run_dependencies/bagfile_parser_qt
[9.599s] -- Symlinking: /home/kyle/devel/atr/local_devel/parser_ws/src/bagfile_parser_qt/install/bagfile_parser_qt/share/ament_index/resource_index/parent_prefix_path/bagfile_parser_qt
[9.604s] -- Symlinking: /home/kyle/devel/atr/local_devel/parser_ws/src/bagfile_parser_qt/install/bagfile_parser_qt/share/bagfile_parser_qt/environment/ament_prefix_path.sh
[9.610s] -- Symlinking: /home/kyle/devel/atr/local_devel/parser_ws/src/bagfile_parser_qt/install/bagfile_parser_qt/share/bagfile_parser_qt/environment/ament_prefix_path.dsv
[9.616s] -- Symlinking: /home/kyle/devel/atr/local_devel/parser_ws/src/bagfile_parser_qt/install/bagfile_parser_qt/share/bagfile_parser_qt/environment/path.sh
[9.622s] -- Symlinking: /home/kyle/devel/atr/local_devel/parser_ws/src/bagfile_parser_qt/install/bagfile_parser_qt/share/bagfile_parser_qt/environment/path.dsv
[9.628s] -- Symlinking: /home/kyle/devel/atr/local_devel/parser_ws/src/bagfile_parser_qt/install/bagfile_parser_qt/share/bagfile_parser_qt/local_setup.bash
[9.633s] -- Symlinking: /home/kyle/devel/atr/local_devel/parser_ws/src/bagfile_parser_qt/install/bagfile_parser_qt/share/bagfile_parser_qt/local_setup.sh
[9.639s] -- Symlinking: /home/kyle/devel/atr/local_devel/parser_ws/src/bagfile_parser_qt/install/bagfile_parser_qt/share/bagfile_parser_qt/local_setup.zsh
[9.644s] -- Symlinking: /home/kyle/devel/atr/local_devel/parser_ws/src/bagfile_parser_qt/install/bagfile_parser_qt/share/bagfile_parser_qt/local_setup.dsv
[9.650s] -- Symlinking: /home/kyle/devel/atr/local_devel/parser_ws/src/bagfile_parser_qt/install/bagfile_parser_qt/share/bagfile_parser_qt/package.dsv
[9.657s] -- Symlinking: /home/kyle/devel/atr/local_devel/parser_ws/src/bagfile_parser_qt/install/bagfile_parser_qt/share/ament_index/resource_index/packages/bagfile_parser_qt
[9.662s] -- Symlinking: /home/kyle/devel/atr/local_devel/parser_ws/src/bagfile_parser_qt/install/bagfile_parser_qt/share/bagfile_parser_qt/cmake/bagfile_parser_qtConfig.cmake
[9.668s] -- Symlinking: /home/kyle/devel/atr/local_devel/parser_ws/src/bagfile_parser_qt/install/bagfile_parser_qt/share/bagfile_parser_qt/cmake/bagfile_parser_qtConfig-version.cmake
[9.675s] -- Symlinking: /home/kyle/devel/atr/local_devel/parser_ws/src/bagfile_parser_qt/install/bagfile_parser_qt/share/bagfile_parser_qt/package.xml
[9.683s] Invoked command in '/home/kyle/devel/atr/local_devel/parser_ws/src/bagfile_parser_qt/build/bagfile_parser_qt' returned '0': CMAKE_PREFIX_PATH=${CMAKE_PREFIX_PATH}:/opt/ros/galactic /usr/bin/cmake --install /home/kyle/devel/atr/local_devel/parser_ws/src/bagfile_parser_qt/build/bagfile_parser_qt
