[0.187s] DEBUG:colcon:Command line arguments: ['/usr/bin/colcon', 'build', '--symlink-install', '--cmake-args', '-DCMAKE_BUILD_TYPE=Release']
[0.187s] DEBUG:colcon:Parsed command line arguments: Namespace(allow_overriding=[], ament_cmake_args=None, base_paths=['.'], build_base='build', catkin_cmake_args=None, catkin_skip_building_tests=False, cmake_args=['-DCMAKE_BUILD_TYPE=Release'], cmake_clean_cache=False, cmake_clean_first=False, cmake_force_configure=False, cmake_target=None, cmake_target_skip_unavailable=False, continue_on_error=False, event_handlers=None, executor='parallel', ignore_user_meta=False, install_base='install', log_base=None, log_level=None, main=<bound method BuildVerb.main of <colcon_core.verb.build.BuildVerb object at 0x7f13458c39d0>>, merge_install=False, metas=['./colcon.meta'], packages_above=None, packages_above_and_dependencies=None, packages_above_depth=None, packages_end=None, packages_ignore=None, packages_ignore_regex=None, packages_select=None, packages_select_build_failed=False, packages_select_by_dep=None, packages_select_regex=None, packages_select_test_failures=False, packages_skip=None, packages_skip_build_finished=False, packages_skip_by_dep=None, packages_skip_regex=None, packages_skip_test_passed=False, packages_skip_up_to=None, packages_start=None, packages_up_to=None, packages_up_to_regex=None, parallel_workers=16, paths=None, symlink_install=True, test_result_base=None, verb_extension=<colcon_core.verb.build.BuildVerb object at 0x7f13458c39d0>, verb_name='build', verb_parser=<colcon_defaults.argument_parser.defaults.DefaultArgumentsDecorator object at 0x7f13458f0700>)
[0.363s] Level 1:colcon.colcon_core.package_discovery:discover_packages(colcon_meta) check parameters
[0.363s] Level 1:colcon.colcon_core.package_discovery:discover_packages(recursive) check parameters
[0.363s] Level 1:colcon.colcon_core.package_discovery:discover_packages(ignore) check parameters
[0.363s] Level 1:colcon.colcon_core.package_discovery:discover_packages(path) check parameters
[0.363s] Level 1:colcon.colcon_core.package_discovery:discover_packages(colcon_meta) discover
[0.363s] Level 1:colcon.colcon_core.package_discovery:discover_packages(recursive) discover
[0.363s] INFO:colcon.colcon_core.package_discovery:Crawling recursively for packages in '/home/kyle/devel/atr/local_devel/parser_ws/src/bagfile_parser_qt'
[0.363s] Level 1:colcon.colcon_core.package_identification:_identify(.) by extensions ['ignore', 'ignore_ament_install']
[0.363s] Level 1:colcon.colcon_core.package_identification:_identify(.) by extension 'ignore'
[0.363s] Level 1:colcon.colcon_core.package_identification:_identify(.) by extension 'ignore_ament_install'
[0.363s] Level 1:colcon.colcon_core.package_identification:_identify(.) by extensions ['colcon_pkg']
[0.363s] Level 1:colcon.colcon_core.package_identification:_identify(.) by extension 'colcon_pkg'
[0.363s] Level 1:colcon.colcon_core.package_identification:_identify(.) by extensions ['colcon_meta']
[0.363s] Level 1:colcon.colcon_core.package_identification:_identify(.) by extension 'colcon_meta'
[0.363s] Level 1:colcon.colcon_core.package_identification:_identify(.) by extensions ['ros']
[0.363s] Level 1:colcon.colcon_core.package_identification:_identify(.) by extension 'ros'
[0.380s] DEBUG:colcon.colcon_core.package_identification:Package '.' with type 'ros.ament_cmake' and name 'bagfile_parser_qt'
[0.380s] Level 1:colcon.colcon_core.package_discovery:discover_packages(recursive) using defaults
[0.380s] Level 1:colcon.colcon_core.package_discovery:discover_packages(ignore) discover
[0.380s] Level 1:colcon.colcon_core.package_discovery:discover_packages(ignore) using defaults
[0.380s] Level 1:colcon.colcon_core.package_discovery:discover_packages(path) discover
[0.380s] Level 1:colcon.colcon_core.package_discovery:discover_packages(path) using defaults
[0.391s] Level 1:colcon.colcon_core.package_discovery:discover_packages(prefix_path) check parameters
[0.391s] Level 1:colcon.colcon_core.package_discovery:discover_packages(prefix_path) discover
[0.392s] DEBUG:colcon.colcon_installed_package_information.package_discovery:Found 1 installed packages in /home/kyle/devel/atr/local_devel/parser_ws/install
[0.393s] DEBUG:colcon.colcon_installed_package_information.package_discovery:Found 280 installed packages in /opt/ros/galactic
[0.394s] Level 1:colcon.colcon_core.package_discovery:discover_packages(prefix_path) using defaults
[0.432s] Level 5:colcon.colcon_core.verb:set package 'bagfile_parser_qt' build argument 'cmake_args' from command line to '['-DCMAKE_BUILD_TYPE=Release']'
[0.432s] Level 5:colcon.colcon_core.verb:set package 'bagfile_parser_qt' build argument 'cmake_target' from command line to 'None'
[0.432s] Level 5:colcon.colcon_core.verb:set package 'bagfile_parser_qt' build argument 'cmake_target_skip_unavailable' from command line to 'False'
[0.432s] Level 5:colcon.colcon_core.verb:set package 'bagfile_parser_qt' build argument 'cmake_clean_cache' from command line to 'False'
[0.432s] Level 5:colcon.colcon_core.verb:set package 'bagfile_parser_qt' build argument 'cmake_clean_first' from command line to 'False'
[0.432s] Level 5:colcon.colcon_core.verb:set package 'bagfile_parser_qt' build argument 'cmake_force_configure' from command line to 'False'
[0.432s] Level 5:colcon.colcon_core.verb:set package 'bagfile_parser_qt' build argument 'ament_cmake_args' from command line to 'None'
[0.432s] Level 5:colcon.colcon_core.verb:set package 'bagfile_parser_qt' build argument 'catkin_cmake_args' from command line to 'None'
[0.432s] Level 5:colcon.colcon_core.verb:set package 'bagfile_parser_qt' build argument 'catkin_skip_building_tests' from command line to 'False'
[0.433s] DEBUG:colcon.colcon_core.verb:Building package 'bagfile_parser_qt' with the following arguments: {'ament_cmake_args': None, 'build_base': '/home/kyle/devel/atr/local_devel/parser_ws/src/bagfile_parser_qt/build/bagfile_parser_qt', 'catkin_cmake_args': None, 'catkin_skip_building_tests': False, 'cmake_args': ['-DCMAKE_BUILD_TYPE=Release'], 'cmake_clean_cache': False, 'cmake_clean_first': False, 'cmake_force_configure': False, 'cmake_target': None, 'cmake_target_skip_unavailable': False, 'install_base': '/home/kyle/devel/atr/local_devel/parser_ws/src/bagfile_parser_qt/install/bagfile_parser_qt', 'merge_install': False, 'path': '/home/kyle/devel/atr/local_devel/parser_ws/src/bagfile_parser_qt', 'symlink_install': True, 'test_result_base': None}
[0.433s] INFO:colcon.colcon_core.executor:Executing jobs using 'parallel' executor
[0.434s] DEBUG:colcon.colcon_parallel_executor.executor.parallel:run_until_complete
[0.434s] INFO:colcon.colcon_ros.task.ament_cmake.build:Building ROS package in '/home/kyle/devel/atr/local_devel/parser_ws/src/bagfile_parser_qt' with build type 'ament_cmake'
[0.434s] INFO:colcon.colcon_cmake.task.cmake.build:Building CMake package in '/home/kyle/devel/atr/local_devel/parser_ws/src/bagfile_parser_qt'
[0.435s] INFO:colcon.colcon_core.plugin_system:Skipping extension 'colcon_core.shell.bat': Not used on non-Windows systems
[0.435s] INFO:colcon.colcon_core.shell:Skip shell extension 'powershell' for command environment: Not usable outside of PowerShell
[0.435s] DEBUG:colcon.colcon_core.shell:Skip shell extension 'dsv' for command environment
[0.444s] DEBUG:colcon.colcon_core.event_handler.log_command:Invoking command in '/home/kyle/devel/atr/local_devel/parser_ws/src/bagfile_parser_qt/build/bagfile_parser_qt': CMAKE_PREFIX_PATH=${CMAKE_PREFIX_PATH}:/opt/ros/galactic /usr/bin/cmake /home/kyle/devel/atr/local_devel/parser_ws/src/bagfile_parser_qt -DCMAKE_BUILD_TYPE=Release -DAMENT_CMAKE_SYMLINK_INSTALL=1 -DCMAKE_INSTALL_PREFIX=/home/kyle/devel/atr/local_devel/parser_ws/src/bagfile_parser_qt/install/bagfile_parser_qt
[2.205s] DEBUG:colcon.colcon_core.event_handler.log_command:Invoked command in '/home/kyle/devel/atr/local_devel/parser_ws/src/bagfile_parser_qt/build/bagfile_parser_qt' returned '0': CMAKE_PREFIX_PATH=${CMAKE_PREFIX_PATH}:/opt/ros/galactic /usr/bin/cmake /home/kyle/devel/atr/local_devel/parser_ws/src/bagfile_parser_qt -DCMAKE_BUILD_TYPE=Release -DAMENT_CMAKE_SYMLINK_INSTALL=1 -DCMAKE_INSTALL_PREFIX=/home/kyle/devel/atr/local_devel/parser_ws/src/bagfile_parser_qt/install/bagfile_parser_qt
[2.207s] DEBUG:colcon.colcon_core.event_handler.log_command:Invoking command in '/home/kyle/devel/atr/local_devel/parser_ws/src/bagfile_parser_qt/build/bagfile_parser_qt': CMAKE_PREFIX_PATH=${CMAKE_PREFIX_PATH}:/opt/ros/galactic /usr/bin/cmake --build /home/kyle/devel/atr/local_devel/parser_ws/src/bagfile_parser_qt/build/bagfile_parser_qt -- -j16 -l16
[10.005s] DEBUG:colcon.colcon_core.event_handler.log_command:Invoked command in '/home/kyle/devel/atr/local_devel/parser_ws/src/bagfile_parser_qt/build/bagfile_parser_qt' returned '0': CMAKE_PREFIX_PATH=${CMAKE_PREFIX_PATH}:/opt/ros/galactic /usr/bin/cmake --build /home/kyle/devel/atr/local_devel/parser_ws/src/bagfile_parser_qt/build/bagfile_parser_qt -- -j16 -l16
[10.014s] DEBUG:colcon.colcon_core.event_handler.log_command:Invoking command in '/home/kyle/devel/atr/local_devel/parser_ws/src/bagfile_parser_qt/build/bagfile_parser_qt': CMAKE_PREFIX_PATH=${CMAKE_PREFIX_PATH}:/opt/ros/galactic /usr/bin/cmake --install /home/kyle/devel/atr/local_devel/parser_ws/src/bagfile_parser_qt/build/bagfile_parser_qt
[10.116s] Level 1:colcon.colcon_core.environment:create_environment_scripts_only(bagfile_parser_qt)
[10.117s] DEBUG:colcon.colcon_core.event_handler.log_command:Invoked command in '/home/kyle/devel/atr/local_devel/parser_ws/src/bagfile_parser_qt/build/bagfile_parser_qt' returned '0': CMAKE_PREFIX_PATH=${CMAKE_PREFIX_PATH}:/opt/ros/galactic /usr/bin/cmake --install /home/kyle/devel/atr/local_devel/parser_ws/src/bagfile_parser_qt/build/bagfile_parser_qt
[10.120s] Level 1:colcon.colcon_core.environment:checking '/home/kyle/devel/atr/local_devel/parser_ws/src/bagfile_parser_qt/install/bagfile_parser_qt' for CMake module files
[10.120s] Level 1:colcon.colcon_core.environment:checking '/home/kyle/devel/atr/local_devel/parser_ws/src/bagfile_parser_qt/install/bagfile_parser_qt' for CMake config files
[10.120s] Level 1:colcon.colcon_core.shell:create_environment_hook('bagfile_parser_qt', 'cmake_prefix_path')
[10.120s] INFO:colcon.colcon_core.shell:Creating environment hook '/home/kyle/devel/atr/local_devel/parser_ws/src/bagfile_parser_qt/install/bagfile_parser_qt/share/bagfile_parser_qt/hook/cmake_prefix_path.ps1'
[10.121s] INFO:colcon.colcon_core.shell:Creating environment descriptor '/home/kyle/devel/atr/local_devel/parser_ws/src/bagfile_parser_qt/install/bagfile_parser_qt/share/bagfile_parser_qt/hook/cmake_prefix_path.dsv'
[10.121s] INFO:colcon.colcon_core.shell:Creating environment hook '/home/kyle/devel/atr/local_devel/parser_ws/src/bagfile_parser_qt/install/bagfile_parser_qt/share/bagfile_parser_qt/hook/cmake_prefix_path.sh'
[10.122s] Level 1:colcon.colcon_core.environment:checking '/home/kyle/devel/atr/local_devel/parser_ws/src/bagfile_parser_qt/install/bagfile_parser_qt/lib'
[10.122s] Level 1:colcon.colcon_core.environment:checking '/home/kyle/devel/atr/local_devel/parser_ws/src/bagfile_parser_qt/install/bagfile_parser_qt/bin'
[10.122s] Level 1:colcon.colcon_core.environment:checking '/home/kyle/devel/atr/local_devel/parser_ws/src/bagfile_parser_qt/install/bagfile_parser_qt/lib/pkgconfig/bagfile_parser_qt.pc'
[10.122s] Level 1:colcon.colcon_core.environment:checking '/home/kyle/devel/atr/local_devel/parser_ws/src/bagfile_parser_qt/install/bagfile_parser_qt/lib/python3.8/site-packages'
[10.122s] Level 1:colcon.colcon_core.environment:checking '/home/kyle/devel/atr/local_devel/parser_ws/src/bagfile_parser_qt/install/bagfile_parser_qt/bin'
[10.123s] INFO:colcon.colcon_core.shell:Creating package script '/home/kyle/devel/atr/local_devel/parser_ws/src/bagfile_parser_qt/install/bagfile_parser_qt/share/bagfile_parser_qt/package.ps1'
[10.123s] INFO:colcon.colcon_core.shell:Creating package descriptor '/home/kyle/devel/atr/local_devel/parser_ws/src/bagfile_parser_qt/install/bagfile_parser_qt/share/bagfile_parser_qt/package.dsv'
[10.123s] INFO:colcon.colcon_core.shell:Creating package script '/home/kyle/devel/atr/local_devel/parser_ws/src/bagfile_parser_qt/install/bagfile_parser_qt/share/bagfile_parser_qt/package.sh'
[10.124s] INFO:colcon.colcon_core.shell:Creating package script '/home/kyle/devel/atr/local_devel/parser_ws/src/bagfile_parser_qt/install/bagfile_parser_qt/share/bagfile_parser_qt/package.bash'
[10.124s] INFO:colcon.colcon_core.shell:Creating package script '/home/kyle/devel/atr/local_devel/parser_ws/src/bagfile_parser_qt/install/bagfile_parser_qt/share/bagfile_parser_qt/package.zsh'
[10.125s] Level 1:colcon.colcon_core.environment:create_file_with_runtime_dependencies(/home/kyle/devel/atr/local_devel/parser_ws/src/bagfile_parser_qt/install/bagfile_parser_qt/share/colcon-core/packages/bagfile_parser_qt)
[10.125s] Level 1:colcon.colcon_core.environment:create_environment_scripts_only(bagfile_parser_qt)
[10.125s] Level 1:colcon.colcon_core.environment:checking '/home/kyle/devel/atr/local_devel/parser_ws/src/bagfile_parser_qt/install/bagfile_parser_qt' for CMake module files
[10.125s] Level 1:colcon.colcon_core.environment:checking '/home/kyle/devel/atr/local_devel/parser_ws/src/bagfile_parser_qt/install/bagfile_parser_qt' for CMake config files
[10.126s] Level 1:colcon.colcon_core.shell:create_environment_hook('bagfile_parser_qt', 'cmake_prefix_path')
[10.126s] INFO:colcon.colcon_core.shell:Creating environment hook '/home/kyle/devel/atr/local_devel/parser_ws/src/bagfile_parser_qt/install/bagfile_parser_qt/share/bagfile_parser_qt/hook/cmake_prefix_path.ps1'
[10.126s] INFO:colcon.colcon_core.shell:Creating environment descriptor '/home/kyle/devel/atr/local_devel/parser_ws/src/bagfile_parser_qt/install/bagfile_parser_qt/share/bagfile_parser_qt/hook/cmake_prefix_path.dsv'
[10.126s] INFO:colcon.colcon_core.shell:Creating environment hook '/home/kyle/devel/atr/local_devel/parser_ws/src/bagfile_parser_qt/install/bagfile_parser_qt/share/bagfile_parser_qt/hook/cmake_prefix_path.sh'
[10.127s] Level 1:colcon.colcon_core.environment:checking '/home/kyle/devel/atr/local_devel/parser_ws/src/bagfile_parser_qt/install/bagfile_parser_qt/lib'
[10.127s] Level 1:colcon.colcon_core.environment:checking '/home/kyle/devel/atr/local_devel/parser_ws/src/bagfile_parser_qt/install/bagfile_parser_qt/bin'
[10.127s] Level 1:colcon.colcon_core.environment:checking '/home/kyle/devel/atr/local_devel/parser_ws/src/bagfile_parser_qt/install/bagfile_parser_qt/lib/pkgconfig/bagfile_parser_qt.pc'
[10.127s] Level 1:colcon.colcon_core.environment:checking '/home/kyle/devel/atr/local_devel/parser_ws/src/bagfile_parser_qt/install/bagfile_parser_qt/lib/python3.8/site-packages'
[10.127s] Level 1:colcon.colcon_core.environment:checking '/home/kyle/devel/atr/local_devel/parser_ws/src/bagfile_parser_qt/install/bagfile_parser_qt/bin'
[10.127s] INFO:colcon.colcon_core.shell:Creating package script '/home/kyle/devel/atr/local_devel/parser_ws/src/bagfile_parser_qt/install/bagfile_parser_qt/share/bagfile_parser_qt/package.ps1'
[10.127s] INFO:colcon.colcon_core.shell:Creating package descriptor '/home/kyle/devel/atr/local_devel/parser_ws/src/bagfile_parser_qt/install/bagfile_parser_qt/share/bagfile_parser_qt/package.dsv'
[10.128s] INFO:colcon.colcon_core.shell:Creating package script '/home/kyle/devel/atr/local_devel/parser_ws/src/bagfile_parser_qt/install/bagfile_parser_qt/share/bagfile_parser_qt/package.sh'
[10.128s] INFO:colcon.colcon_core.shell:Creating package script '/home/kyle/devel/atr/local_devel/parser_ws/src/bagfile_parser_qt/install/bagfile_parser_qt/share/bagfile_parser_qt/package.bash'
[10.128s] INFO:colcon.colcon_core.shell:Creating package script '/home/kyle/devel/atr/local_devel/parser_ws/src/bagfile_parser_qt/install/bagfile_parser_qt/share/bagfile_parser_qt/package.zsh'
[10.128s] Level 1:colcon.colcon_core.environment:create_file_with_runtime_dependencies(/home/kyle/devel/atr/local_devel/parser_ws/src/bagfile_parser_qt/install/bagfile_parser_qt/share/colcon-core/packages/bagfile_parser_qt)
[10.129s] DEBUG:colcon.colcon_parallel_executor.executor.parallel:closing loop
[10.129s] DEBUG:colcon.colcon_parallel_executor.executor.parallel:loop closed
[10.129s] DEBUG:colcon.colcon_parallel_executor.executor.parallel:run_until_complete finished with '0'
[10.129s] DEBUG:colcon.colcon_core.event_reactor:joining thread
[10.133s] INFO:colcon.colcon_core.plugin_system:Skipping extension 'colcon_notification.desktop_notification.terminal_notifier': Not used on non-Darwin systems
[10.133s] INFO:colcon.colcon_core.plugin_system:Skipping extension 'colcon_notification.desktop_notification.win32': Not used on non-Windows systems
[10.133s] INFO:colcon.colcon_notification.desktop_notification:Sending desktop notification using 'notify2'
[10.145s] DEBUG:colcon.colcon_core.event_reactor:joined thread
[10.146s] INFO:colcon.colcon_core.shell:Creating prefix script '/home/kyle/devel/atr/local_devel/parser_ws/src/bagfile_parser_qt/install/local_setup.ps1'
[10.147s] INFO:colcon.colcon_core.shell:Creating prefix util module '/home/kyle/devel/atr/local_devel/parser_ws/src/bagfile_parser_qt/install/_local_setup_util_ps1.py'
[10.148s] INFO:colcon.colcon_core.shell:Creating prefix chain script '/home/kyle/devel/atr/local_devel/parser_ws/src/bagfile_parser_qt/install/setup.ps1'
[10.148s] INFO:colcon.colcon_core.shell:Creating prefix script '/home/kyle/devel/atr/local_devel/parser_ws/src/bagfile_parser_qt/install/local_setup.sh'
[10.149s] INFO:colcon.colcon_core.shell:Creating prefix util module '/home/kyle/devel/atr/local_devel/parser_ws/src/bagfile_parser_qt/install/_local_setup_util_sh.py'
[10.149s] INFO:colcon.colcon_core.shell:Creating prefix chain script '/home/kyle/devel/atr/local_devel/parser_ws/src/bagfile_parser_qt/install/setup.sh'
[10.150s] INFO:colcon.colcon_core.shell:Creating prefix script '/home/kyle/devel/atr/local_devel/parser_ws/src/bagfile_parser_qt/install/local_setup.bash'
[10.150s] INFO:colcon.colcon_core.shell:Creating prefix chain script '/home/kyle/devel/atr/local_devel/parser_ws/src/bagfile_parser_qt/install/setup.bash'
[10.151s] INFO:colcon.colcon_core.shell:Creating prefix script '/home/kyle/devel/atr/local_devel/parser_ws/src/bagfile_parser_qt/install/local_setup.zsh'
[10.151s] INFO:colcon.colcon_core.shell:Creating prefix chain script '/home/kyle/devel/atr/local_devel/parser_ws/src/bagfile_parser_qt/install/setup.zsh'
